

================================================================
== Vitis HLS Report for 'myproject'
================================================================
* Date:           Tue Sep 26 10:15:45 2023

* Version:        2023.1 (Build 3854077 on May  4 2023)
* Project:        myproject_prj
* Solution:       solution1 (Vivado IP Flow Target)
* Product family: zynq
* Target device:  xc7z030-sbv485-3


================================================================
== Performance Estimates
================================================================
+ Timing: 
    * Summary: 
    +--------+---------+----------+------------+
    |  Clock |  Target | Estimated| Uncertainty|
    +--------+---------+----------+------------+
    |ap_clk  |  5.00 ns|  4.375 ns|     0.62 ns|
    +--------+---------+----------+------------+

+ Latency: 
    * Summary: 
    +---------+---------+----------+----------+--------+--------+----------+
    |  Latency (cycles) |  Latency (absolute) |     Interval    | Pipeline |
    |   min   |   max   |    min   |    max   |   min  |   max  |   Type   |
    +---------+---------+----------+----------+--------+--------+----------+
    |   166647|   166647|  0.833 ms|  0.833 ms|  166638|  166638|  dataflow|
    +---------+---------+----------+----------+--------+--------+----------+

    + Detail: 
        * Instance: 
        +-------------------------------------------------------------------------+------------------------------------------------------------------------+---------+---------+-----------+-----------+--------+--------+---------+
        |                                                                         |                                                                        |  Latency (cycles) |   Latency (absolute)  |     Interval    | Pipeline|
        |                                 Instance                                |                                 Module                                 |   min   |   max   |    min    |    max    |   min  |   max  |   Type  |
        +-------------------------------------------------------------------------+------------------------------------------------------------------------+---------+---------+-----------+-----------+--------+--------+---------+
        |zeropad2d_cl_array_ap_fixed_3u_array_ap_fixed_16_6_5_3_0_3u_config89_U0  |zeropad2d_cl_array_ap_fixed_3u_array_ap_fixed_16_6_5_3_0_3u_config89_s  |     4774|     4774|  23.870 us|  23.870 us|    4774|    4774|       no|
        |conv_2d_cl_array_ap_fixed_3u_array_ap_fixed_16_6_5_3_0_2u_config2_U0     |conv_2d_cl_array_ap_fixed_3u_array_ap_fixed_16_6_5_3_0_2u_config2_s     |   166637|   166637|   0.833 ms|   0.833 ms|  166637|  166637|       no|
        |normalize_array_ap_fixed_2u_array_ap_fixed_16_6_5_3_0_2u_config4_U0      |normalize_array_ap_fixed_2u_array_ap_fixed_16_6_5_3_0_2u_config4_s      |     3074|     3074|  15.370 us|  15.370 us|    3074|    3074|       no|
        |relu_array_ap_fixed_2u_array_ap_ufixed_16_6_4_0_0_2u_relu_config5_U0     |relu_array_ap_fixed_2u_array_ap_ufixed_16_6_4_0_0_2u_relu_config5_s     |     1027|     1027|   5.135 us|   5.135 us|    1027|    1027|       no|
        |zeropad2d_cl_array_array_ap_ufixed_16_6_4_0_0_2u_config90_U0             |zeropad2d_cl_array_array_ap_ufixed_16_6_4_0_0_2u_config90_s             |     1097|     1097|   5.485 us|   5.485 us|    1097|    1097|       no|
        |conv_2d_cl_array_ap_ufixed_2u_array_ap_fixed_16_6_5_3_0_2u_config6_U0    |conv_2d_cl_array_ap_ufixed_2u_array_ap_fixed_16_6_5_3_0_2u_config6_s    |    37028|    37028|   0.185 ms|   0.185 ms|   37028|   37028|       no|
        |normalize_array_ap_fixed_2u_array_ap_fixed_16_6_5_3_0_2u_config8_U0      |normalize_array_ap_fixed_2u_array_ap_fixed_16_6_5_3_0_2u_config8_s      |      365|      365|   1.825 us|   1.825 us|     365|     365|       no|
        |relu_array_ap_fixed_2u_array_ap_ufixed_16_6_4_0_0_2u_relu_config9_U0     |relu_array_ap_fixed_2u_array_ap_ufixed_16_6_4_0_0_2u_relu_config9_s     |      124|      124|   0.620 us|   0.620 us|     124|     124|       no|
        |zeropad2d_cl_array_array_ap_ufixed_16_6_4_0_0_2u_config91_U0             |zeropad2d_cl_array_array_ap_ufixed_16_6_4_0_0_2u_config91_s             |      182|      182|   0.910 us|   0.910 us|     182|     182|       no|
        |conv_2d_cl_array_ap_ufixed_2u_array_ap_fixed_16_6_5_3_0_4u_config10_U0   |conv_2d_cl_array_ap_ufixed_2u_array_ap_fixed_16_6_5_3_0_4u_config10_s   |     5241|     5241|  26.205 us|  26.205 us|    5241|    5241|       no|
        |normalize_array_ap_fixed_4u_array_ap_fixed_16_6_5_3_0_4u_config12_U0     |normalize_array_ap_fixed_4u_array_ap_fixed_16_6_5_3_0_4u_config12_s     |      365|      365|   1.825 us|   1.825 us|     365|     365|       no|
        |relu_array_ap_fixed_4u_array_ap_ufixed_16_6_4_0_0_4u_relu_config13_U0    |relu_array_ap_fixed_4u_array_ap_ufixed_16_6_4_0_0_4u_relu_config13_s    |      124|      124|   0.620 us|   0.620 us|     124|     124|       no|
        |zeropad2d_cl_array_array_ap_ufixed_16_6_4_0_0_4u_config92_U0             |zeropad2d_cl_array_array_ap_ufixed_16_6_4_0_0_4u_config92_s             |      182|      182|   0.910 us|   0.910 us|     182|     182|       no|
        |conv_2d_cl_array_ap_ufixed_4u_array_ap_fixed_16_6_5_3_0_4u_config14_U0   |conv_2d_cl_array_ap_ufixed_4u_array_ap_fixed_16_6_5_3_0_4u_config14_s   |     5917|     5917|  29.585 us|  29.585 us|    5917|    5917|       no|
        |normalize_array_ap_fixed_4u_array_ap_fixed_16_6_5_3_0_4u_config16_U0     |normalize_array_ap_fixed_4u_array_ap_fixed_16_6_5_3_0_4u_config16_s     |      365|      365|   1.825 us|   1.825 us|     365|     365|       no|
        |relu_array_ap_fixed_4u_array_ap_ufixed_16_6_4_0_0_4u_relu_config17_U0    |relu_array_ap_fixed_4u_array_ap_ufixed_16_6_4_0_0_4u_relu_config17_s    |      124|      124|   0.620 us|   0.620 us|     124|     124|       no|
        |zeropad2d_cl_array_array_ap_ufixed_16_6_4_0_0_4u_config93_U0             |zeropad2d_cl_array_array_ap_ufixed_16_6_4_0_0_4u_config93_s             |      182|      182|   0.910 us|   0.910 us|     182|     182|       no|
        |conv_2d_cl_array_ap_ufixed_4u_array_ap_fixed_16_6_5_3_0_4u_config18_U0   |conv_2d_cl_array_ap_ufixed_4u_array_ap_fixed_16_6_5_3_0_4u_config18_s   |     5917|     5917|  29.585 us|  29.585 us|    5917|    5917|       no|
        |normalize_array_ap_fixed_4u_array_ap_fixed_16_6_5_3_0_4u_config20_U0     |normalize_array_ap_fixed_4u_array_ap_fixed_16_6_5_3_0_4u_config20_s     |      365|      365|   1.825 us|   1.825 us|     365|     365|       no|
        |relu_array_ap_fixed_4u_array_ap_ufixed_16_6_4_0_0_4u_relu_config21_U0    |relu_array_ap_fixed_4u_array_ap_ufixed_16_6_4_0_0_4u_relu_config21_s    |      124|      124|   0.620 us|   0.620 us|     124|     124|       no|
        |zeropad2d_cl_array_array_ap_ufixed_16_6_4_0_0_4u_config94_U0             |zeropad2d_cl_array_array_ap_ufixed_16_6_4_0_0_4u_config94_s             |      182|      182|   0.910 us|   0.910 us|     182|     182|       no|
        |conv_2d_cl_array_ap_ufixed_4u_array_ap_fixed_16_6_5_3_0_4u_config22_U0   |conv_2d_cl_array_ap_ufixed_4u_array_ap_fixed_16_6_5_3_0_4u_config22_s   |     6086|     6086|  30.430 us|  30.430 us|    6086|    6086|       no|
        |normalize_array_ap_fixed_4u_array_ap_fixed_16_6_5_3_0_4u_config24_U0     |normalize_array_ap_fixed_4u_array_ap_fixed_16_6_5_3_0_4u_config24_s     |      365|      365|   1.825 us|   1.825 us|     365|     365|       no|
        |relu_array_ap_fixed_4u_array_ap_ufixed_16_6_4_0_0_4u_relu_config25_U0    |relu_array_ap_fixed_4u_array_ap_ufixed_16_6_4_0_0_4u_relu_config25_s    |      124|      124|   0.620 us|   0.620 us|     124|     124|       no|
        |zeropad2d_cl_array_array_ap_ufixed_16_6_4_0_0_4u_config95_U0             |zeropad2d_cl_array_array_ap_ufixed_16_6_4_0_0_4u_config95_s             |      182|      182|   0.910 us|   0.910 us|     182|     182|       no|
        |conv_2d_cl_array_ap_ufixed_4u_array_ap_fixed_16_6_5_3_0_8u_config26_U0   |conv_2d_cl_array_ap_ufixed_4u_array_ap_fixed_16_6_5_3_0_8u_config26_s   |     7100|     7100|  35.500 us|  35.500 us|    7100|    7100|       no|
        |normalize_array_ap_fixed_8u_array_ap_fixed_16_6_5_3_0_8u_config28_U0     |normalize_array_ap_fixed_8u_array_ap_fixed_16_6_5_3_0_8u_config28_s     |      110|      110|   0.550 us|   0.550 us|     110|     110|       no|
        |relu_array_ap_fixed_8u_array_ap_ufixed_16_6_4_0_0_8u_relu_config29_U0    |relu_array_ap_fixed_8u_array_ap_ufixed_16_6_4_0_0_8u_relu_config29_s    |       39|       39|   0.195 us|   0.195 us|      39|      39|       no|
        |zeropad2d_cl_array_array_ap_ufixed_16_6_4_0_0_8u_config96_U0             |zeropad2d_cl_array_array_ap_ufixed_16_6_4_0_0_8u_config96_s             |       77|       77|   0.385 us|   0.385 us|      77|      77|       no|
        |conv_2d_cl_array_ap_ufixed_8u_array_ap_fixed_16_6_5_3_0_8u_config30_U0   |conv_2d_cl_array_ap_ufixed_8u_array_ap_fixed_16_6_5_3_0_8u_config30_s   |     2882|     2882|  14.410 us|  14.410 us|    2882|    2882|       no|
        |normalize_array_ap_fixed_8u_array_ap_fixed_16_6_5_3_0_8u_config32_U0     |normalize_array_ap_fixed_8u_array_ap_fixed_16_6_5_3_0_8u_config32_s     |      110|      110|   0.550 us|   0.550 us|     110|     110|       no|
        |relu_array_ap_fixed_8u_array_ap_ufixed_16_6_4_0_0_8u_relu_config33_U0    |relu_array_ap_fixed_8u_array_ap_ufixed_16_6_4_0_0_8u_relu_config33_s    |       39|       39|   0.195 us|   0.195 us|      39|      39|       no|
        |zeropad2d_cl_array_array_ap_ufixed_16_6_4_0_0_8u_config97_U0             |zeropad2d_cl_array_array_ap_ufixed_16_6_4_0_0_8u_config97_s             |       77|       77|   0.385 us|   0.385 us|      77|      77|       no|
        |conv_2d_cl_array_ap_ufixed_8u_array_ap_fixed_16_6_5_3_0_8u_config34_U0   |conv_2d_cl_array_ap_ufixed_8u_array_ap_fixed_16_6_5_3_0_8u_config34_s   |     2882|     2882|  14.410 us|  14.410 us|    2882|    2882|       no|
        |normalize_array_ap_fixed_8u_array_ap_fixed_16_6_5_3_0_8u_config36_U0     |normalize_array_ap_fixed_8u_array_ap_fixed_16_6_5_3_0_8u_config36_s     |      110|      110|   0.550 us|   0.550 us|     110|     110|       no|
        |relu_array_ap_fixed_8u_array_ap_ufixed_16_6_4_0_0_8u_relu_config37_U0    |relu_array_ap_fixed_8u_array_ap_ufixed_16_6_4_0_0_8u_relu_config37_s    |       39|       39|   0.195 us|   0.195 us|      39|      39|       no|
        |zeropad2d_cl_array_array_ap_ufixed_16_6_4_0_0_8u_config98_U0             |zeropad2d_cl_array_array_ap_ufixed_16_6_4_0_0_8u_config98_s             |       77|       77|   0.385 us|   0.385 us|      77|      77|       no|
        |conv_2d_cl_array_ap_ufixed_8u_array_ap_fixed_16_6_5_3_0_8u_config38_U0   |conv_2d_cl_array_ap_ufixed_8u_array_ap_fixed_16_6_5_3_0_8u_config38_s   |     2882|     2882|  14.410 us|  14.410 us|    2882|    2882|       no|
        |normalize_array_ap_fixed_8u_array_ap_fixed_16_6_5_3_0_8u_config40_U0     |normalize_array_ap_fixed_8u_array_ap_fixed_16_6_5_3_0_8u_config40_s     |      110|      110|   0.550 us|   0.550 us|     110|     110|       no|
        |relu_array_ap_fixed_8u_array_ap_ufixed_16_6_4_0_0_8u_relu_config41_U0    |relu_array_ap_fixed_8u_array_ap_ufixed_16_6_4_0_0_8u_relu_config41_s    |       39|       39|   0.195 us|   0.195 us|      39|      39|       no|
        |zeropad2d_cl_array_array_ap_ufixed_16_6_4_0_0_8u_config99_U0             |zeropad2d_cl_array_array_ap_ufixed_16_6_4_0_0_8u_config99_s             |       57|       57|   0.285 us|   0.285 us|      57|      57|       no|
        |conv_2d_cl_array_ap_ufixed_8u_array_ap_fixed_16_6_5_3_0_16u_config42_U0  |conv_2d_cl_array_ap_ufixed_8u_array_ap_fixed_16_6_5_3_0_16u_config42_s  |     2109|     2109|  10.545 us|  10.545 us|    2109|    2109|       no|
        |normalize_array_ap_fixed_16u_array_ap_fixed_16_6_5_3_0_16u_config44_U0   |normalize_array_ap_fixed_16u_array_ap_fixed_16_6_5_3_0_16u_config44_s   |       29|       29|   0.145 us|   0.145 us|      29|      29|       no|
        |relu_array_ap_fixed_16u_array_ap_ufixed_16_6_4_0_0_16u_relu_config45_U0  |relu_array_ap_fixed_16u_array_ap_ufixed_16_6_4_0_0_16u_relu_config45_s  |       12|       12|  60.000 ns|  60.000 ns|      12|      12|       no|
        |zeropad2d_cl_array_array_ap_ufixed_16_6_4_0_0_16u_config100_U0           |zeropad2d_cl_array_array_ap_ufixed_16_6_4_0_0_16u_config100_s           |       38|       38|   0.190 us|   0.190 us|      38|      38|       no|
        |conv_2d_cl_array_array_ap_fixed_16_6_5_3_0_16u_config46_U0               |conv_2d_cl_array_array_ap_fixed_16_6_5_3_0_16u_config46_s               |      902|      902|   4.510 us|   4.510 us|     902|     902|       no|
        |normalize_array_ap_fixed_16u_array_ap_fixed_16_6_5_3_0_16u_config48_U0   |normalize_array_ap_fixed_16u_array_ap_fixed_16_6_5_3_0_16u_config48_s   |       29|       29|   0.145 us|   0.145 us|      29|      29|       no|
        |relu_array_ap_fixed_16u_array_ap_ufixed_16_6_4_0_0_16u_relu_config49_U0  |relu_array_ap_fixed_16u_array_ap_ufixed_16_6_4_0_0_16u_relu_config49_s  |       12|       12|  60.000 ns|  60.000 ns|      12|      12|       no|
        |zeropad2d_cl_array_array_ap_ufixed_16_6_4_0_0_16u_config101_U0           |zeropad2d_cl_array_array_ap_ufixed_16_6_4_0_0_16u_config101_s           |       38|       38|   0.190 us|   0.190 us|      38|      38|       no|
        |conv_2d_cl_array_array_ap_fixed_16_6_5_3_0_16u_config50_U0               |conv_2d_cl_array_array_ap_fixed_16_6_5_3_0_16u_config50_s               |      927|      927|   4.635 us|   4.635 us|     927|     927|       no|
        |normalize_array_ap_fixed_16u_array_ap_fixed_16_6_5_3_0_16u_config52_U0   |normalize_array_ap_fixed_16u_array_ap_fixed_16_6_5_3_0_16u_config52_s   |       29|       29|   0.145 us|   0.145 us|      29|      29|       no|
        |relu_array_ap_fixed_16u_array_ap_ufixed_16_6_4_0_0_16u_relu_config53_U0  |relu_array_ap_fixed_16u_array_ap_ufixed_16_6_4_0_0_16u_relu_config53_s  |       12|       12|  60.000 ns|  60.000 ns|      12|      12|       no|
        |zeropad2d_cl_array_array_ap_ufixed_16_6_4_0_0_16u_config102_U0           |zeropad2d_cl_array_array_ap_ufixed_16_6_4_0_0_16u_config102_s           |       38|       38|   0.190 us|   0.190 us|      38|      38|       no|
        |conv_2d_cl_array_array_ap_fixed_16_6_5_3_0_16u_config54_U0               |conv_2d_cl_array_array_ap_fixed_16_6_5_3_0_16u_config54_s               |      927|      927|   4.635 us|   4.635 us|     927|     927|       no|
        |normalize_array_ap_fixed_16u_array_ap_fixed_16_6_5_3_0_16u_config56_U0   |normalize_array_ap_fixed_16u_array_ap_fixed_16_6_5_3_0_16u_config56_s   |       29|       29|   0.145 us|   0.145 us|      29|      29|       no|
        |relu_array_ap_fixed_16u_array_ap_ufixed_16_6_4_0_0_16u_relu_config57_U0  |relu_array_ap_fixed_16u_array_ap_ufixed_16_6_4_0_0_16u_relu_config57_s  |       12|       12|  60.000 ns|  60.000 ns|      12|      12|       no|
        |zeropad2d_cl_array_array_ap_ufixed_16_6_4_0_0_16u_config103_U0           |zeropad2d_cl_array_array_ap_ufixed_16_6_4_0_0_16u_config103_s           |       38|       38|   0.190 us|   0.190 us|      38|      38|       no|
        |conv_2d_cl_array_array_ap_fixed_16_6_5_3_0_32u_config58_U0               |conv_2d_cl_array_array_ap_fixed_16_6_5_3_0_32u_config58_s               |      100|     1975|   0.500 us|   9.875 us|     100|    1975|       no|
        |normalize_array_ap_fixed_32u_array_ap_fixed_16_6_5_3_0_32u_config60_U0   |normalize_array_ap_fixed_32u_array_ap_fixed_16_6_5_3_0_32u_config60_s   |       14|       14|  70.000 ns|  70.000 ns|      14|      14|       no|
        |relu_array_ap_fixed_32u_array_ap_ufixed_16_6_4_0_0_32u_relu_config61_U0  |relu_array_ap_fixed_32u_array_ap_ufixed_16_6_4_0_0_32u_relu_config61_s  |        7|        7|  35.000 ns|  35.000 ns|       7|       7|       no|
        |zeropad2d_cl_array_array_ap_ufixed_16_6_4_0_0_32u_config104_U0           |zeropad2d_cl_array_array_ap_ufixed_16_6_4_0_0_32u_config104_s           |       29|       29|   0.145 us|   0.145 us|      29|      29|       no|
        |conv_2d_cl_array_array_ap_fixed_16_6_5_3_0_32u_config62_U0               |conv_2d_cl_array_array_ap_fixed_16_6_5_3_0_32u_config62_s               |       64|     1280|   0.320 us|   6.400 us|      64|    1280|       no|
        |normalize_array_ap_fixed_32u_array_ap_fixed_16_6_5_3_0_32u_config64_U0   |normalize_array_ap_fixed_32u_array_ap_fixed_16_6_5_3_0_32u_config64_s   |       14|       14|  70.000 ns|  70.000 ns|      14|      14|       no|
        |relu_array_ap_fixed_32u_array_ap_ufixed_16_6_4_0_0_32u_relu_config65_U0  |relu_array_ap_fixed_32u_array_ap_ufixed_16_6_4_0_0_32u_relu_config65_s  |        7|        7|  35.000 ns|  35.000 ns|       7|       7|       no|
        |zeropad2d_cl_array_array_ap_ufixed_16_6_4_0_0_32u_config105_U0           |zeropad2d_cl_array_array_ap_ufixed_16_6_4_0_0_32u_config105_s           |       29|       29|   0.145 us|   0.145 us|      29|      29|       no|
        |conv_2d_cl_array_array_ap_fixed_16_6_5_3_0_32u_config66_U0               |conv_2d_cl_array_array_ap_fixed_16_6_5_3_0_32u_config66_s               |       64|     1280|   0.320 us|   6.400 us|      64|    1280|       no|
        |normalize_array_ap_fixed_32u_array_ap_fixed_16_6_5_3_0_32u_config68_U0   |normalize_array_ap_fixed_32u_array_ap_fixed_16_6_5_3_0_32u_config68_s   |       14|       14|  70.000 ns|  70.000 ns|      14|      14|       no|
        |relu_array_ap_fixed_32u_array_ap_ufixed_16_6_4_0_0_32u_relu_config69_U0  |relu_array_ap_fixed_32u_array_ap_ufixed_16_6_4_0_0_32u_relu_config69_s  |        7|        7|  35.000 ns|  35.000 ns|       7|       7|       no|
        |zeropad2d_cl_array_array_ap_ufixed_16_6_4_0_0_32u_config106_U0           |zeropad2d_cl_array_array_ap_ufixed_16_6_4_0_0_32u_config106_s           |       29|       29|   0.145 us|   0.145 us|      29|      29|       no|
        |conv_2d_cl_array_array_ap_fixed_16_6_5_3_0_32u_config70_U0               |conv_2d_cl_array_array_ap_fixed_16_6_5_3_0_32u_config70_s               |       64|     1280|   0.320 us|   6.400 us|      64|    1280|       no|
        |normalize_array_ap_fixed_32u_array_ap_fixed_16_6_5_3_0_32u_config72_U0   |normalize_array_ap_fixed_32u_array_ap_fixed_16_6_5_3_0_32u_config72_s   |       14|       14|  70.000 ns|  70.000 ns|      14|      14|       no|
        |relu_array_ap_fixed_32u_array_ap_ufixed_16_6_4_0_0_32u_relu_config73_U0  |relu_array_ap_fixed_32u_array_ap_ufixed_16_6_4_0_0_32u_relu_config73_s  |        7|        7|  35.000 ns|  35.000 ns|       7|       7|       no|
        |clone_stream_array_ap_ufixed_32u_array_ap_fixed_16_6_5_3_0_128u_128_U0   |clone_stream_array_ap_ufixed_32u_array_ap_fixed_16_6_5_3_0_128u_128_s   |        6|        6|  30.000 ns|  30.000 ns|       6|       6|       no|
        |dense_array_ap_fixed_128u_array_ap_fixed_16_6_5_3_0_2u_config75_U0       |dense_array_ap_fixed_128u_array_ap_fixed_16_6_5_3_0_2u_config75_s       |       65|       65|   0.325 us|   0.325 us|      65|      65|       no|
        |dense_array_ap_fixed_128u_array_ap_fixed_16_6_5_3_0_2u_config77_U0       |dense_array_ap_fixed_128u_array_ap_fixed_16_6_5_3_0_2u_config77_s       |       68|       68|   0.340 us|   0.340 us|      68|      68|       no|
        |dense_array_ap_fixed_128u_array_ap_fixed_16_6_5_3_0_2u_config81_U0       |dense_array_ap_fixed_128u_array_ap_fixed_16_6_5_3_0_2u_config81_s       |       68|       68|   0.340 us|   0.340 us|      68|      68|       no|
        |relu_array_ap_fixed_2u_array_ap_ufixed_16_6_4_0_0_2u_relu_config79_U0    |relu_array_ap_fixed_2u_array_ap_ufixed_16_6_4_0_0_2u_relu_config79_s    |        1|        1|   5.000 ns|   5.000 ns|       1|       1|       no|
        |relu_array_ap_fixed_2u_array_ap_ufixed_16_6_4_0_0_2u_relu_config80_U0    |relu_array_ap_fixed_2u_array_ap_ufixed_16_6_4_0_0_2u_relu_config80_s    |        1|        1|   5.000 ns|   5.000 ns|       1|       1|       no|
        |relu_array_ap_fixed_2u_array_ap_ufixed_16_6_4_0_0_2u_relu_config84_U0    |relu_array_ap_fixed_2u_array_ap_ufixed_16_6_4_0_0_2u_relu_config84_s    |        1|        1|   5.000 ns|   5.000 ns|       1|       1|       no|
        |concatenate1d_array_array_array_ap_fixed_16_6_5_3_0_4u_config83_U0       |concatenate1d_array_array_array_ap_fixed_16_6_5_3_0_4u_config83_s       |        0|        0|       0 ns|       0 ns|       0|       0|       no|
        |concatenate1d_array_array_array_ap_fixed_16_6_5_3_0_6u_config85_U0       |concatenate1d_array_array_array_ap_fixed_16_6_5_3_0_6u_config85_s       |        0|        0|       0 ns|       0 ns|       0|       0|       no|
        |repack_stream_array_ap_fixed_6u_array_ap_fixed_16_6_5_3_0_2u_6_U0        |repack_stream_array_ap_fixed_6u_array_ap_fixed_16_6_5_3_0_2u_6_s        |       10|       10|  50.000 ns|  50.000 ns|      10|      10|       no|
        +-------------------------------------------------------------------------+------------------------------------------------------------------------+---------+---------+-----------+-----------+--------+--------+---------+

        * Loop: 
        N/A



================================================================
== Utilization Estimates
================================================================
* Summary: 
+-----------------+---------+-----+--------+--------+-----+
|       Name      | BRAM_18K| DSP |   FF   |   LUT  | URAM|
+-----------------+---------+-----+--------+--------+-----+
|DSP              |        -|    -|       -|       -|    -|
|Expression       |        -|    -|       0|       4|    -|
|FIFO             |      909|    -|   12202|    5807|    -|
|Instance         |     1472|  635|  320475|  488636|    0|
|Memory           |        -|    -|       -|       -|    -|
|Multiplexer      |        -|    -|       -|       -|    -|
|Register         |        -|    -|       -|       -|    -|
+-----------------+---------+-----+--------+--------+-----+
|Total            |     2381|  635|  332677|  494447|    0|
+-----------------+---------+-----+--------+--------+-----+
|Available        |      530|  400|  157200|   78600|    0|
+-----------------+---------+-----+--------+--------+-----+
|Utilization (%)  |      449|  158|     211|     629|    0|
+-----------------+---------+-----+--------+--------+-----+

+ Detail: 
    * Instance: 
    +-------------------------------------------------------------------------+------------------------------------------------------------------------+---------+-----+-------+-------+-----+
    |                                 Instance                                |                                 Module                                 | BRAM_18K| DSP |   FF  |  LUT  | URAM|
    +-------------------------------------------------------------------------+------------------------------------------------------------------------+---------+-----+-------+-------+-----+
    |clone_stream_array_ap_ufixed_32u_array_ap_fixed_16_6_5_3_0_128u_128_U0   |clone_stream_array_ap_ufixed_32u_array_ap_fixed_16_6_5_3_0_128u_128_s   |        0|    0|     22|     76|    0|
    |concatenate1d_array_array_array_ap_fixed_16_6_5_3_0_4u_config83_U0       |concatenate1d_array_array_array_ap_fixed_16_6_5_3_0_4u_config83_s       |        0|    0|      2|     38|    0|
    |concatenate1d_array_array_array_ap_fixed_16_6_5_3_0_6u_config85_U0       |concatenate1d_array_array_array_ap_fixed_16_6_5_3_0_6u_config85_s       |        0|    0|      3|     47|    0|
    |conv_2d_cl_array_ap_fixed_3u_array_ap_fixed_16_6_5_3_0_2u_config2_U0     |conv_2d_cl_array_ap_fixed_3u_array_ap_fixed_16_6_5_3_0_2u_config2_s     |        0|    5|   9513|  12024|    0|
    |conv_2d_cl_array_ap_ufixed_2u_array_ap_fixed_16_6_5_3_0_2u_config6_U0    |conv_2d_cl_array_ap_ufixed_2u_array_ap_fixed_16_6_5_3_0_2u_config6_s    |        0|    1|   1617|   1899|    0|
    |conv_2d_cl_array_ap_ufixed_2u_array_ap_fixed_16_6_5_3_0_4u_config10_U0   |conv_2d_cl_array_ap_ufixed_2u_array_ap_fixed_16_6_5_3_0_4u_config10_s   |        0|    2|   2314|   3094|    0|
    |conv_2d_cl_array_ap_ufixed_4u_array_ap_fixed_16_6_5_3_0_4u_config14_U0   |conv_2d_cl_array_ap_ufixed_4u_array_ap_fixed_16_6_5_3_0_4u_config14_s   |        0|    3|   4218|   6308|    0|
    |conv_2d_cl_array_ap_ufixed_4u_array_ap_fixed_16_6_5_3_0_4u_config18_U0   |conv_2d_cl_array_ap_ufixed_4u_array_ap_fixed_16_6_5_3_0_4u_config18_s   |        0|    3|   4246|   6185|    0|
    |conv_2d_cl_array_ap_ufixed_4u_array_ap_fixed_16_6_5_3_0_4u_config22_U0   |conv_2d_cl_array_ap_ufixed_4u_array_ap_fixed_16_6_5_3_0_4u_config22_s   |        0|    3|   4256|   6115|    0|
    |conv_2d_cl_array_ap_ufixed_4u_array_ap_fixed_16_6_5_3_0_8u_config26_U0   |conv_2d_cl_array_ap_ufixed_4u_array_ap_fixed_16_6_5_3_0_8u_config26_s   |        0|    5|   6798|  10731|    0|
    |conv_2d_cl_array_ap_ufixed_8u_array_ap_fixed_16_6_5_3_0_16u_config42_U0  |conv_2d_cl_array_ap_ufixed_8u_array_ap_fixed_16_6_5_3_0_16u_config42_s  |        0|   18|  22892|  40084|    0|
    |conv_2d_cl_array_ap_ufixed_8u_array_ap_fixed_16_6_5_3_0_8u_config30_U0   |conv_2d_cl_array_ap_ufixed_8u_array_ap_fixed_16_6_5_3_0_8u_config30_s   |        0|    9|  13037|  21195|    0|
    |conv_2d_cl_array_ap_ufixed_8u_array_ap_fixed_16_6_5_3_0_8u_config34_U0   |conv_2d_cl_array_ap_ufixed_8u_array_ap_fixed_16_6_5_3_0_8u_config34_s   |        0|    9|  13081|  20776|    0|
    |conv_2d_cl_array_ap_ufixed_8u_array_ap_fixed_16_6_5_3_0_8u_config38_U0   |conv_2d_cl_array_ap_ufixed_8u_array_ap_fixed_16_6_5_3_0_8u_config38_s   |        0|    9|  12900|  20709|    0|
    |conv_2d_cl_array_array_ap_fixed_16_6_5_3_0_16u_config46_U0               |conv_2d_cl_array_array_ap_fixed_16_6_5_3_0_16u_config46_s               |        0|   36|  46616|  83670|    0|
    |conv_2d_cl_array_array_ap_fixed_16_6_5_3_0_16u_config50_U0               |conv_2d_cl_array_array_ap_fixed_16_6_5_3_0_16u_config50_s               |        0|   36|  45984|  83781|    0|
    |conv_2d_cl_array_array_ap_fixed_16_6_5_3_0_16u_config54_U0               |conv_2d_cl_array_array_ap_fixed_16_6_5_3_0_16u_config54_s               |        0|   36|  46250|  84225|    0|
    |conv_2d_cl_array_array_ap_fixed_16_6_5_3_0_32u_config58_U0               |conv_2d_cl_array_array_ap_fixed_16_6_5_3_0_32u_config58_s               |      128|   64|   8776|   5187|    0|
    |conv_2d_cl_array_array_ap_fixed_16_6_5_3_0_32u_config62_U0               |conv_2d_cl_array_array_ap_fixed_16_6_5_3_0_32u_config62_s               |      448|  128|  16871|   9885|    0|
    |conv_2d_cl_array_array_ap_fixed_16_6_5_3_0_32u_config66_U0               |conv_2d_cl_array_array_ap_fixed_16_6_5_3_0_32u_config66_s               |      448|  128|  16871|   9885|    0|
    |conv_2d_cl_array_array_ap_fixed_16_6_5_3_0_32u_config70_U0               |conv_2d_cl_array_array_ap_fixed_16_6_5_3_0_32u_config70_s               |      448|  128|  16871|   9885|    0|
    |dense_array_ap_fixed_128u_array_ap_fixed_16_6_5_3_0_2u_config75_U0       |dense_array_ap_fixed_128u_array_ap_fixed_16_6_5_3_0_2u_config75_s       |        0|    4|   5659|   8006|    0|
    |dense_array_ap_fixed_128u_array_ap_fixed_16_6_5_3_0_2u_config77_U0       |dense_array_ap_fixed_128u_array_ap_fixed_16_6_5_3_0_2u_config77_s       |        0|    4|   5417|   7983|    0|
    |dense_array_ap_fixed_128u_array_ap_fixed_16_6_5_3_0_2u_config81_U0       |dense_array_ap_fixed_128u_array_ap_fixed_16_6_5_3_0_2u_config81_s       |        0|    4|   5422|   7920|    0|
    |normalize_array_ap_fixed_16u_array_ap_fixed_16_6_5_3_0_16u_config44_U0   |normalize_array_ap_fixed_16u_array_ap_fixed_16_6_5_3_0_16u_config44_s   |        0|    0|    265|    629|    0|
    |normalize_array_ap_fixed_16u_array_ap_fixed_16_6_5_3_0_16u_config48_U0   |normalize_array_ap_fixed_16u_array_ap_fixed_16_6_5_3_0_16u_config48_s   |        0|    0|    265|    629|    0|
    |normalize_array_ap_fixed_16u_array_ap_fixed_16_6_5_3_0_16u_config52_U0   |normalize_array_ap_fixed_16u_array_ap_fixed_16_6_5_3_0_16u_config52_s   |        0|    0|    265|    629|    0|
    |normalize_array_ap_fixed_16u_array_ap_fixed_16_6_5_3_0_16u_config56_U0   |normalize_array_ap_fixed_16u_array_ap_fixed_16_6_5_3_0_16u_config56_s   |        0|    0|    265|    629|    0|
    |normalize_array_ap_fixed_2u_array_ap_fixed_16_6_5_3_0_2u_config4_U0      |normalize_array_ap_fixed_2u_array_ap_fixed_16_6_5_3_0_2u_config4_s      |        0|    0|     48|    178|    0|
    |normalize_array_ap_fixed_2u_array_ap_fixed_16_6_5_3_0_2u_config8_U0      |normalize_array_ap_fixed_2u_array_ap_fixed_16_6_5_3_0_2u_config8_s      |        0|    0|     44|    169|    0|
    |normalize_array_ap_fixed_32u_array_ap_fixed_16_6_5_3_0_32u_config60_U0   |normalize_array_ap_fixed_32u_array_ap_fixed_16_6_5_3_0_32u_config60_s   |        0|    0|    520|   1155|    0|
    |normalize_array_ap_fixed_32u_array_ap_fixed_16_6_5_3_0_32u_config64_U0   |normalize_array_ap_fixed_32u_array_ap_fixed_16_6_5_3_0_32u_config64_s   |        0|    0|    520|   1155|    0|
    |normalize_array_ap_fixed_32u_array_ap_fixed_16_6_5_3_0_32u_config68_U0   |normalize_array_ap_fixed_32u_array_ap_fixed_16_6_5_3_0_32u_config68_s   |        0|    0|    520|   1155|    0|
    |normalize_array_ap_fixed_32u_array_ap_fixed_16_6_5_3_0_32u_config72_U0   |normalize_array_ap_fixed_32u_array_ap_fixed_16_6_5_3_0_32u_config72_s   |        0|    0|    520|   1155|    0|
    |normalize_array_ap_fixed_4u_array_ap_fixed_16_6_5_3_0_4u_config12_U0     |normalize_array_ap_fixed_4u_array_ap_fixed_16_6_5_3_0_4u_config12_s     |        0|    0|     76|    235|    0|
    |normalize_array_ap_fixed_4u_array_ap_fixed_16_6_5_3_0_4u_config16_U0     |normalize_array_ap_fixed_4u_array_ap_fixed_16_6_5_3_0_4u_config16_s     |        0|    0|     76|    235|    0|
    |normalize_array_ap_fixed_4u_array_ap_fixed_16_6_5_3_0_4u_config20_U0     |normalize_array_ap_fixed_4u_array_ap_fixed_16_6_5_3_0_4u_config20_s     |        0|    0|     76|    235|    0|
    |normalize_array_ap_fixed_4u_array_ap_fixed_16_6_5_3_0_4u_config24_U0     |normalize_array_ap_fixed_4u_array_ap_fixed_16_6_5_3_0_4u_config24_s     |        0|    0|     76|    235|    0|
    |normalize_array_ap_fixed_8u_array_ap_fixed_16_6_5_3_0_8u_config28_U0     |normalize_array_ap_fixed_8u_array_ap_fixed_16_6_5_3_0_8u_config28_s     |        0|    0|    139|    367|    0|
    |normalize_array_ap_fixed_8u_array_ap_fixed_16_6_5_3_0_8u_config32_U0     |normalize_array_ap_fixed_8u_array_ap_fixed_16_6_5_3_0_8u_config32_s     |        0|    0|    139|    367|    0|
    |normalize_array_ap_fixed_8u_array_ap_fixed_16_6_5_3_0_8u_config36_U0     |normalize_array_ap_fixed_8u_array_ap_fixed_16_6_5_3_0_8u_config36_s     |        0|    0|    139|    367|    0|
    |normalize_array_ap_fixed_8u_array_ap_fixed_16_6_5_3_0_8u_config40_U0     |normalize_array_ap_fixed_8u_array_ap_fixed_16_6_5_3_0_8u_config40_s     |        0|    0|    139|    367|    0|
    |relu_array_ap_fixed_16u_array_ap_ufixed_16_6_4_0_0_16u_relu_config45_U0  |relu_array_ap_fixed_16u_array_ap_ufixed_16_6_4_0_0_16u_relu_config45_s  |        0|    0|    250|    703|    0|
    |relu_array_ap_fixed_16u_array_ap_ufixed_16_6_4_0_0_16u_relu_config49_U0  |relu_array_ap_fixed_16u_array_ap_ufixed_16_6_4_0_0_16u_relu_config49_s  |        0|    0|    250|    703|    0|
    |relu_array_ap_fixed_16u_array_ap_ufixed_16_6_4_0_0_16u_relu_config53_U0  |relu_array_ap_fixed_16u_array_ap_ufixed_16_6_4_0_0_16u_relu_config53_s  |        0|    0|    250|    703|    0|
    |relu_array_ap_fixed_16u_array_ap_ufixed_16_6_4_0_0_16u_relu_config57_U0  |relu_array_ap_fixed_16u_array_ap_ufixed_16_6_4_0_0_16u_relu_config57_s  |        0|    0|    250|    703|    0|
    |relu_array_ap_fixed_2u_array_ap_ufixed_16_6_4_0_0_2u_relu_config5_U0     |relu_array_ap_fixed_2u_array_ap_ufixed_16_6_4_0_0_2u_relu_config5_s     |        0|    0|     47|    182|    0|
    |relu_array_ap_fixed_2u_array_ap_ufixed_16_6_4_0_0_2u_relu_config79_U0    |relu_array_ap_fixed_2u_array_ap_ufixed_16_6_4_0_0_2u_relu_config79_s    |        0|    0|     34|    127|    0|
    |relu_array_ap_fixed_2u_array_ap_ufixed_16_6_4_0_0_2u_relu_config80_U0    |relu_array_ap_fixed_2u_array_ap_ufixed_16_6_4_0_0_2u_relu_config80_s    |        0|    0|     33|    118|    0|
    |relu_array_ap_fixed_2u_array_ap_ufixed_16_6_4_0_0_2u_relu_config84_U0    |relu_array_ap_fixed_2u_array_ap_ufixed_16_6_4_0_0_2u_relu_config84_s    |        0|    0|     34|    127|    0|
    |relu_array_ap_fixed_2u_array_ap_ufixed_16_6_4_0_0_2u_relu_config9_U0     |relu_array_ap_fixed_2u_array_ap_ufixed_16_6_4_0_0_2u_relu_config9_s     |        0|    0|     43|    173|    0|
    |relu_array_ap_fixed_32u_array_ap_ufixed_16_6_4_0_0_32u_relu_config61_U0  |relu_array_ap_fixed_32u_array_ap_ufixed_16_6_4_0_0_32u_relu_config61_s  |        0|    0|    489|   1309|    0|
    |relu_array_ap_fixed_32u_array_ap_ufixed_16_6_4_0_0_32u_relu_config65_U0  |relu_array_ap_fixed_32u_array_ap_ufixed_16_6_4_0_0_32u_relu_config65_s  |        0|    0|    489|   1309|    0|
    |relu_array_ap_fixed_32u_array_ap_ufixed_16_6_4_0_0_32u_relu_config69_U0  |relu_array_ap_fixed_32u_array_ap_ufixed_16_6_4_0_0_32u_relu_config69_s  |        0|    0|    489|   1309|    0|
    |relu_array_ap_fixed_32u_array_ap_ufixed_16_6_4_0_0_32u_relu_config73_U0  |relu_array_ap_fixed_32u_array_ap_ufixed_16_6_4_0_0_32u_relu_config73_s  |        0|    0|    489|   1309|    0|
    |relu_array_ap_fixed_4u_array_ap_ufixed_16_6_4_0_0_4u_relu_config13_U0    |relu_array_ap_fixed_4u_array_ap_ufixed_16_6_4_0_0_4u_relu_config13_s    |        0|    0|     73|    249|    0|
    |relu_array_ap_fixed_4u_array_ap_ufixed_16_6_4_0_0_4u_relu_config17_U0    |relu_array_ap_fixed_4u_array_ap_ufixed_16_6_4_0_0_4u_relu_config17_s    |        0|    0|     73|    249|    0|
    |relu_array_ap_fixed_4u_array_ap_ufixed_16_6_4_0_0_4u_relu_config21_U0    |relu_array_ap_fixed_4u_array_ap_ufixed_16_6_4_0_0_4u_relu_config21_s    |        0|    0|     73|    249|    0|
    |relu_array_ap_fixed_4u_array_ap_ufixed_16_6_4_0_0_4u_relu_config25_U0    |relu_array_ap_fixed_4u_array_ap_ufixed_16_6_4_0_0_4u_relu_config25_s    |        0|    0|     73|    249|    0|
    |relu_array_ap_fixed_8u_array_ap_ufixed_16_6_4_0_0_8u_relu_config29_U0    |relu_array_ap_fixed_8u_array_ap_ufixed_16_6_4_0_0_8u_relu_config29_s    |        0|    0|    132|    401|    0|
    |relu_array_ap_fixed_8u_array_ap_ufixed_16_6_4_0_0_8u_relu_config33_U0    |relu_array_ap_fixed_8u_array_ap_ufixed_16_6_4_0_0_8u_relu_config33_s    |        0|    0|    132|    401|    0|
    |relu_array_ap_fixed_8u_array_ap_ufixed_16_6_4_0_0_8u_relu_config37_U0    |relu_array_ap_fixed_8u_array_ap_ufixed_16_6_4_0_0_8u_relu_config37_s    |        0|    0|    132|    401|    0|
    |relu_array_ap_fixed_8u_array_ap_ufixed_16_6_4_0_0_8u_relu_config41_U0    |relu_array_ap_fixed_8u_array_ap_ufixed_16_6_4_0_0_8u_relu_config41_s    |        0|    0|    132|    401|    0|
    |repack_stream_array_ap_fixed_6u_array_ap_fixed_16_6_5_3_0_2u_6_U0        |repack_stream_array_ap_fixed_6u_array_ap_fixed_16_6_5_3_0_2u_6_s        |        0|    0|    109|    227|    0|
    |zeropad2d_cl_array_ap_fixed_3u_array_ap_fixed_16_6_5_3_0_3u_config89_U0  |zeropad2d_cl_array_ap_fixed_3u_array_ap_fixed_16_6_5_3_0_3u_config89_s  |        0|    0|    218|    696|    0|
    |zeropad2d_cl_array_array_ap_ufixed_16_6_4_0_0_16u_config100_U0           |zeropad2d_cl_array_array_ap_ufixed_16_6_4_0_0_16u_config100_s           |        0|    0|    294|    384|    0|
    |zeropad2d_cl_array_array_ap_ufixed_16_6_4_0_0_16u_config101_U0           |zeropad2d_cl_array_array_ap_ufixed_16_6_4_0_0_16u_config101_s           |        0|    0|    294|    384|    0|
    |zeropad2d_cl_array_array_ap_ufixed_16_6_4_0_0_16u_config102_U0           |zeropad2d_cl_array_array_ap_ufixed_16_6_4_0_0_16u_config102_s           |        0|    0|    294|    384|    0|
    |zeropad2d_cl_array_array_ap_ufixed_16_6_4_0_0_16u_config103_U0           |zeropad2d_cl_array_array_ap_ufixed_16_6_4_0_0_16u_config103_s           |        0|    0|    294|    384|    0|
    |zeropad2d_cl_array_array_ap_ufixed_16_6_4_0_0_2u_config90_U0             |zeropad2d_cl_array_array_ap_ufixed_16_6_4_0_0_2u_config90_s             |        0|    0|     67|    429|    0|
    |zeropad2d_cl_array_array_ap_ufixed_16_6_4_0_0_2u_config91_U0             |zeropad2d_cl_array_array_ap_ufixed_16_6_4_0_0_2u_config91_s             |        0|    0|     84|    426|    0|
    |zeropad2d_cl_array_array_ap_ufixed_16_6_4_0_0_32u_config104_U0           |zeropad2d_cl_array_array_ap_ufixed_16_6_4_0_0_32u_config104_s           |        0|    0|     37|    381|    0|
    |zeropad2d_cl_array_array_ap_ufixed_16_6_4_0_0_32u_config105_U0           |zeropad2d_cl_array_array_ap_ufixed_16_6_4_0_0_32u_config105_s           |        0|    0|     37|    381|    0|
    |zeropad2d_cl_array_array_ap_ufixed_16_6_4_0_0_32u_config106_U0           |zeropad2d_cl_array_array_ap_ufixed_16_6_4_0_0_32u_config106_s           |        0|    0|     37|    381|    0|
    |zeropad2d_cl_array_array_ap_ufixed_16_6_4_0_0_4u_config92_U0             |zeropad2d_cl_array_array_ap_ufixed_16_6_4_0_0_4u_config92_s             |        0|    0|    116|    426|    0|
    |zeropad2d_cl_array_array_ap_ufixed_16_6_4_0_0_4u_config93_U0             |zeropad2d_cl_array_array_ap_ufixed_16_6_4_0_0_4u_config93_s             |        0|    0|    116|    426|    0|
    |zeropad2d_cl_array_array_ap_ufixed_16_6_4_0_0_4u_config94_U0             |zeropad2d_cl_array_array_ap_ufixed_16_6_4_0_0_4u_config94_s             |        0|    0|    116|    426|    0|
    |zeropad2d_cl_array_array_ap_ufixed_16_6_4_0_0_4u_config95_U0             |zeropad2d_cl_array_array_ap_ufixed_16_6_4_0_0_4u_config95_s             |        0|    0|    116|    426|    0|
    |zeropad2d_cl_array_array_ap_ufixed_16_6_4_0_0_8u_config96_U0             |zeropad2d_cl_array_array_ap_ufixed_16_6_4_0_0_8u_config96_s             |        0|    0|    173|    402|    0|
    |zeropad2d_cl_array_array_ap_ufixed_16_6_4_0_0_8u_config97_U0             |zeropad2d_cl_array_array_ap_ufixed_16_6_4_0_0_8u_config97_s             |        0|    0|    173|    402|    0|
    |zeropad2d_cl_array_array_ap_ufixed_16_6_4_0_0_8u_config98_U0             |zeropad2d_cl_array_array_ap_ufixed_16_6_4_0_0_8u_config98_s             |        0|    0|    173|    402|    0|
    |zeropad2d_cl_array_array_ap_ufixed_16_6_4_0_0_8u_config99_U0             |zeropad2d_cl_array_array_ap_ufixed_16_6_4_0_0_8u_config99_s             |        0|    0|     32|    295|    0|
    +-------------------------------------------------------------------------+------------------------------------------------------------------------+---------+-----+-------+-------+-----+
    |Total                                                                    |                                                                        |     1472|  635| 320475| 488636|    0|
    +-------------------------------------------------------------------------+------------------------------------------------------------------------+---------+-----+-------+-------+-----+

    * DSP: 
    N/A

    * Memory: 
    N/A

    * FIFO: 
    +----------------+---------+-----+----+-----+------+------+---------+
    |      Name      | BRAM_18K|  FF | LUT| URAM| Depth| Bits | Size:D*B|
    +----------------+---------+-----+----+-----+------+------+---------+
    |layer100_out_U  |       15|  155|   0|    -|    25|   256|     6400|
    |layer101_out_U  |       15|  155|   0|    -|    25|   256|     6400|
    |layer102_out_U  |       15|  155|   0|    -|    25|   256|     6400|
    |layer103_out_U  |       15|  155|   0|    -|    25|   256|     6400|
    |layer104_out_U  |       29|  158|   0|    -|    16|   512|     8192|
    |layer105_out_U  |       29|  158|   0|    -|    16|   512|     8192|
    |layer106_out_U  |       29|  158|   0|    -|    16|   512|     8192|
    |layer10_out_U   |        4|  158|   0|    -|   121|    64|     7744|
    |layer12_out_U   |        4|  158|   0|    -|   121|    64|     7744|
    |layer13_out_U   |        4|  158|   0|    -|   121|    64|     7744|
    |layer14_out_U   |        4|  158|   0|    -|   121|    64|     7744|
    |layer16_out_U   |        4|  158|   0|    -|   121|    64|     7744|
    |layer17_out_U   |        4|  158|   0|    -|   121|    64|     7744|
    |layer18_out_U   |        4|  158|   0|    -|   121|    64|     7744|
    |layer20_out_U   |        4|  158|   0|    -|   121|    64|     7744|
    |layer21_out_U   |        4|  158|   0|    -|   121|    64|     7744|
    |layer22_out_U   |        4|  158|   0|    -|   121|    64|     7744|
    |layer24_out_U   |        4|  158|   0|    -|   121|    64|     7744|
    |layer25_out_U   |        4|  158|   0|    -|   121|    64|     7744|
    |layer26_out_U   |        8|  153|   0|    -|    36|   128|     4608|
    |layer28_out_U   |        8|  153|   0|    -|    36|   128|     4608|
    |layer29_out_U   |        8|  153|   0|    -|    36|   128|     4608|
    |layer2_out_U    |        2|  163|   0|    -|  1024|    32|    32768|
    |layer30_out_U   |        8|  153|   0|    -|    36|   128|     4608|
    |layer32_out_U   |        8|  153|   0|    -|    36|   128|     4608|
    |layer33_out_U   |        8|  153|   0|    -|    36|   128|     4608|
    |layer34_out_U   |        8|  153|   0|    -|    36|   128|     4608|
    |layer36_out_U   |        8|  153|   0|    -|    36|   128|     4608|
    |layer37_out_U   |        8|  153|   0|    -|    36|   128|     4608|
    |layer38_out_U   |        8|  153|   0|    -|    36|   128|     4608|
    |layer40_out_U   |        8|  153|   0|    -|    36|   128|     4608|
    |layer41_out_U   |        8|  153|   0|    -|    36|   128|     4608|
    |layer42_out_U   |       15|  150|   0|    -|     9|   256|     2304|
    |layer44_out_U   |       15|  150|   0|    -|     9|   256|     2304|
    |layer45_out_U   |       15|  150|   0|    -|     9|   256|     2304|
    |layer46_out_U   |       15|  150|   0|    -|     9|   256|     2304|
    |layer48_out_U   |       15|  150|   0|    -|     9|   256|     2304|
    |layer49_out_U   |       15|  150|   0|    -|     9|   256|     2304|
    |layer4_out_U    |        2|  163|   0|    -|  1024|    32|    32768|
    |layer50_out_U   |       15|  150|   0|    -|     9|   256|     2304|
    |layer52_out_U   |       15|  150|   0|    -|     9|   256|     2304|
    |layer53_out_U   |       15|  150|   0|    -|     9|   256|     2304|
    |layer54_out_U   |       15|  150|   0|    -|     9|   256|     2304|
    |layer56_out_U   |       15|  150|   0|    -|     9|   256|     2304|
    |layer57_out_U   |       15|  150|   0|    -|     9|   256|     2304|
    |layer58_out_U   |       29|  147|   0|    -|     4|   512|     2048|
    |layer5_out_U    |        2|  163|   0|    -|  1024|    32|    32768|
    |layer60_out_U   |       29|  147|   0|    -|     4|   512|     2048|
    |layer61_out_U   |       29|  147|   0|    -|     4|   512|     2048|
    |layer62_out_U   |       29|  147|   0|    -|     4|   512|     2048|
    |layer64_out_U   |       29|  147|   0|    -|     4|   512|     2048|
    |layer65_out_U   |       29|  147|   0|    -|     4|   512|     2048|
    |layer66_out_U   |       29|  147|   0|    -|     4|   512|     2048|
    |layer68_out_U   |       29|  147|   0|    -|     4|   512|     2048|
    |layer69_out_U   |       29|  147|   0|    -|     4|   512|     2048|
    |layer6_out_U    |        2|  158|   0|    -|   121|    32|     3872|
    |layer70_out_U   |       29|  147|   0|    -|     4|   512|     2048|
    |layer72_out_U   |       29|  147|   0|    -|     4|   512|     2048|
    |layer73_out_U   |       29|  147|   0|    -|     4|   512|     2048|
    |layer75_out_U   |        0|   99|   0|    -|     1|    32|       32|
    |layer77_out_U   |        0|   99|   0|    -|     1|    32|       32|
    |layer79_out_U   |        0|   99|   0|    -|     1|    32|       32|
    |layer80_out_U   |        0|   99|   0|    -|     1|    32|       32|
    |layer81_out_U   |        0|   99|   0|    -|     1|    32|       32|
    |layer83_out_U   |        0|   99|   0|    -|     1|    64|       64|
    |layer84_out_U   |        0|   99|   0|    -|     1|    32|       32|
    |layer85_out_U   |        0|   99|   0|    -|     1|    96|       96|
    |layer88_cpy1_U  |        0|   99|   0|    -|     1|  2048|     2048|
    |layer88_cpy2_U  |        0|   99|   0|    -|     1|  2048|     2048|
    |layer88_cpy3_U  |        0|   99|   0|    -|     1|  2048|     2048|
    |layer89_out_U   |       24|  163|   0|    -|  4761|    48|   228528|
    |layer8_out_U    |        2|  158|   0|    -|   121|    32|     3872|
    |layer90_out_U   |        4|  163|   0|    -|  1089|    32|    34848|
    |layer91_out_U   |        2|  163|   0|    -|   169|    32|     5408|
    |layer92_out_U   |        4|  163|   0|    -|   169|    64|    10816|
    |layer93_out_U   |        4|  163|   0|    -|   169|    64|    10816|
    |layer94_out_U   |        4|  163|   0|    -|   169|    64|    10816|
    |layer95_out_U   |        4|  163|   0|    -|   169|    64|    10816|
    |layer96_out_U   |        8|  155|   0|    -|    64|   128|     8192|
    |layer97_out_U   |        8|  155|   0|    -|    64|   128|     8192|
    |layer98_out_U   |        8|  155|   0|    -|    64|   128|     8192|
    |layer99_out_U   |        8|  154|   0|    -|    49|   128|     6272|
    |layer9_out_U    |        2|  158|   0|    -|   121|    32|     3872|
    +----------------+---------+-----+----+-----+------+------+---------+
    |Total           |      909|12202|   0|    0| 12570| 21648|   709936|
    +----------------+---------+-----+----+-----+------+------+---------+

    * Expression: 
    +-------------------------------------------------------------------------------------+----------+----+---+----+------------+------------+
    |                                    Variable Name                                    | Operation| DSP| FF| LUT| Bitwidth P0| Bitwidth P1|
    +-------------------------------------------------------------------------------------+----------+----+---+----+------------+------------+
    |ap_idle                                                                              |       and|   0|  0|   2|           1|           1|
    |clone_stream_array_ap_ufixed_32u_array_ap_fixed_16_6_5_3_0_128u_128_U0_start_full_n  |       and|   0|  0|   2|           1|           1|
    +-------------------------------------------------------------------------------------+----------+----+---+----+------------+------------+
    |Total                                                                                |          |   0|  0|   4|           2|           2|
    +-------------------------------------------------------------------------------------+----------+----+---+----+------------+------------+

    * Multiplexer: 
    N/A

    * Register: 
    N/A



================================================================
== Interface
================================================================
* Summary: 
+--------------------+-----+-----+------------+--------------+--------------+
|      RTL Ports     | Dir | Bits|  Protocol  | Source Object|    C Type    |
+--------------------+-----+-----+------------+--------------+--------------+
|input_1_TDATA       |   in|   48|        axis|       input_1|       pointer|
|input_1_TVALID      |   in|    1|        axis|       input_1|       pointer|
|input_1_TREADY      |  out|    1|        axis|       input_1|       pointer|
|layer87_out_TDATA   |  out|   32|        axis|   layer87_out|       pointer|
|layer87_out_TVALID  |  out|    1|        axis|   layer87_out|       pointer|
|layer87_out_TREADY  |   in|    1|        axis|   layer87_out|       pointer|
|ap_clk              |   in|    1|  ap_ctrl_hs|     myproject|  return value|
|ap_rst_n            |   in|    1|  ap_ctrl_hs|     myproject|  return value|
|ap_start            |   in|    1|  ap_ctrl_hs|     myproject|  return value|
|ap_done             |  out|    1|  ap_ctrl_hs|     myproject|  return value|
|ap_ready            |  out|    1|  ap_ctrl_hs|     myproject|  return value|
|ap_idle             |  out|    1|  ap_ctrl_hs|     myproject|  return value|
+--------------------+-----+-----+------------+--------------+--------------+

